// Vitest Snapshot v1, https://vitest.dev/guide/snapshot.html

exports[`Application > shoud render chart 1`] = `
<div
  class="_chartContainer_4551aa"
  role="dialog"
>
  <div
    class="_container_ecf76d"
  >
    <div
      class="_titleContainer_ecf76d"
    >
      <h2
        class="_title_ecf76d"
      >
        Mean and Standard Deviation
      </h2>
      <button
        class="_btn_abafc2 _btn_secondary_abafc2 _btn_sm_abafc2 _pill_abafc2 _flat_abafc2"
        style="height: 25px; line-height: 25px; min-width: 25px; font-size: 0.8rem; border-radius: 50%; padding: 0px;"
        type="button"
      >
        X
      </button>
    </div>
    <div
      class="recharts-wrapper"
      style="position: relative; cursor: default; width: 1400px; height: 700px;"
    >
      <svg
        class="recharts-surface"
        height="700"
        style="width: 100%; height: 100%;"
        viewBox="0 0 1400 700"
        width="1400"
      >
        <title />
        <desc />
        <defs>
          <clippath
            id="recharts1-clip"
          >
            <rect
              height="645"
              width="1290"
              x="80"
              y="20"
            />
          </clippath>
        </defs>
        <g
          class="recharts-cartesian-grid"
        >
          <g
            class="recharts-cartesian-grid-horizontal"
          >
            <line
              fill="none"
              height="645"
              stroke="#ccc"
              stroke-dasharray="3 3"
              width="1290"
              x="80"
              x1="80"
              x2="1370"
              y="20"
              y1="665"
              y2="665"
            />
            <line
              fill="none"
              height="645"
              stroke="#ccc"
              stroke-dasharray="3 3"
              width="1290"
              x="80"
              x1="80"
              x2="1370"
              y="20"
              y1="503.75"
              y2="503.75"
            />
            <line
              fill="none"
              height="645"
              stroke="#ccc"
              stroke-dasharray="3 3"
              width="1290"
              x="80"
              x1="80"
              x2="1370"
              y="20"
              y1="342.5"
              y2="342.5"
            />
            <line
              fill="none"
              height="645"
              stroke="#ccc"
              stroke-dasharray="3 3"
              width="1290"
              x="80"
              x1="80"
              x2="1370"
              y="20"
              y1="181.25"
              y2="181.25"
            />
            <line
              fill="none"
              height="645"
              stroke="#ccc"
              stroke-dasharray="3 3"
              width="1290"
              x="80"
              x1="80"
              x2="1370"
              y="20"
              y1="20"
              y2="20"
            />
          </g>
          <g
            class="recharts-cartesian-grid-vertical"
          >
            <line
              fill="none"
              height="645"
              stroke="#ccc"
              stroke-dasharray="3 3"
              width="1290"
              x="80"
              x1="402.5"
              x2="402.5"
              y="20"
              y1="20"
              y2="665"
            />
            <line
              fill="none"
              height="645"
              stroke="#ccc"
              stroke-dasharray="3 3"
              width="1290"
              x="80"
              x1="1047.5"
              x2="1047.5"
              y="20"
              y1="20"
              y2="665"
            />
            <line
              fill="none"
              height="645"
              stroke="#ccc"
              stroke-dasharray="3 3"
              width="1290"
              x="80"
              x1="80"
              x2="80"
              y="20"
              y1="20"
              y2="665"
            />
            <line
              fill="none"
              height="645"
              stroke="#ccc"
              stroke-dasharray="3 3"
              width="1290"
              x="80"
              x1="1370"
              x2="1370"
              y="20"
              y1="20"
              y2="665"
            />
          </g>
        </g>
        <g
          class="recharts-layer recharts-cartesian-axis recharts-xAxis xAxis"
        >
          <line
            class="recharts-cartesian-axis-line"
            fill="none"
            height="30"
            orientation="bottom"
            stroke="#666"
            width="1290"
            x="80"
            x1="80"
            x2="1370"
            y="665"
            y1="665"
            y2="665"
          />
          <g
            class="recharts-cartesian-axis-ticks"
          >
            <g
              class="recharts-layer recharts-cartesian-axis-tick"
            >
              <line
                class="recharts-cartesian-axis-tick-line"
                fill="none"
                height="30"
                orientation="bottom"
                stroke="#666"
                width="1290"
                x="80"
                x1="402.5"
                x2="402.5"
                y="665"
                y1="671"
                y2="665"
              />
              <text
                class="recharts-text recharts-cartesian-axis-tick-value"
                fill="#666"
                height="30"
                orientation="bottom"
                stroke="none"
                text-anchor="middle"
                width="1290"
                x="402.5"
                y="673"
              >
                <tspan
                  dy="0.71em"
                  x="402.5"
                >
                  col_3
                </tspan>
              </text>
            </g>
            <g
              class="recharts-layer recharts-cartesian-axis-tick"
            >
              <line
                class="recharts-cartesian-axis-tick-line"
                fill="none"
                height="30"
                orientation="bottom"
                stroke="#666"
                width="1290"
                x="80"
                x1="1047.5"
                x2="1047.5"
                y="665"
                y1="671"
                y2="665"
              />
              <text
                class="recharts-text recharts-cartesian-axis-tick-value"
                fill="#666"
                height="30"
                orientation="bottom"
                stroke="none"
                text-anchor="middle"
                width="1290"
                x="1047.5"
                y="673"
              >
                <tspan
                  dy="0.71em"
                  x="1047.5"
                >
                  col_4
                </tspan>
              </text>
            </g>
          </g>
        </g>
        <g
          class="recharts-layer recharts-cartesian-axis recharts-yAxis yAxis"
        >
          <line
            class="recharts-cartesian-axis-line"
            fill="none"
            height="645"
            orientation="left"
            stroke="#666"
            width="60"
            x="20"
            x1="80"
            x2="80"
            y="20"
            y1="20"
            y2="665"
          />
          <g
            class="recharts-cartesian-axis-ticks"
          >
            <g
              class="recharts-layer recharts-cartesian-axis-tick"
            >
              <line
                class="recharts-cartesian-axis-tick-line"
                fill="none"
                height="645"
                orientation="left"
                stroke="#666"
                width="60"
                x="20"
                x1="74"
                x2="80"
                y="20"
                y1="665"
                y2="665"
              />
              <text
                class="recharts-text recharts-cartesian-axis-tick-value"
                fill="#666"
                height="645"
                orientation="left"
                stroke="none"
                text-anchor="end"
                width="60"
                x="72"
                y="665"
              >
                <tspan
                  dy="0.355em"
                  x="72"
                >
                  -250
                </tspan>
              </text>
            </g>
            <g
              class="recharts-layer recharts-cartesian-axis-tick"
            >
              <line
                class="recharts-cartesian-axis-tick-line"
                fill="none"
                height="645"
                orientation="left"
                stroke="#666"
                width="60"
                x="20"
                x1="74"
                x2="80"
                y="20"
                y1="503.75"
                y2="503.75"
              />
              <text
                class="recharts-text recharts-cartesian-axis-tick-value"
                fill="#666"
                height="645"
                orientation="left"
                stroke="none"
                text-anchor="end"
                width="60"
                x="72"
                y="503.75"
              >
                <tspan
                  dy="0.355em"
                  x="72"
                >
                  0
                </tspan>
              </text>
            </g>
            <g
              class="recharts-layer recharts-cartesian-axis-tick"
            >
              <line
                class="recharts-cartesian-axis-tick-line"
                fill="none"
                height="645"
                orientation="left"
                stroke="#666"
                width="60"
                x="20"
                x1="74"
                x2="80"
                y="20"
                y1="342.5"
                y2="342.5"
              />
              <text
                class="recharts-text recharts-cartesian-axis-tick-value"
                fill="#666"
                height="645"
                orientation="left"
                stroke="none"
                text-anchor="end"
                width="60"
                x="72"
                y="342.5"
              >
                <tspan
                  dy="0.355em"
                  x="72"
                >
                  250
                </tspan>
              </text>
            </g>
            <g
              class="recharts-layer recharts-cartesian-axis-tick"
            >
              <line
                class="recharts-cartesian-axis-tick-line"
                fill="none"
                height="645"
                orientation="left"
                stroke="#666"
                width="60"
                x="20"
                x1="74"
                x2="80"
                y="20"
                y1="181.25"
                y2="181.25"
              />
              <text
                class="recharts-text recharts-cartesian-axis-tick-value"
                fill="#666"
                height="645"
                orientation="left"
                stroke="none"
                text-anchor="end"
                width="60"
                x="72"
                y="181.25"
              >
                <tspan
                  dy="0.355em"
                  x="72"
                >
                  500
                </tspan>
              </text>
            </g>
            <g
              class="recharts-layer recharts-cartesian-axis-tick"
            >
              <line
                class="recharts-cartesian-axis-tick-line"
                fill="none"
                height="645"
                orientation="left"
                stroke="#666"
                width="60"
                x="20"
                x1="74"
                x2="80"
                y="20"
                y1="20"
                y2="20"
              />
              <text
                class="recharts-text recharts-cartesian-axis-tick-value"
                fill="#666"
                height="645"
                orientation="left"
                stroke="none"
                text-anchor="end"
                width="60"
                x="72"
                y="20"
              >
                <tspan
                  dy="0.355em"
                  x="72"
                >
                  750
                </tspan>
              </text>
            </g>
          </g>
        </g>
        <g
          class="recharts-layer recharts-bar"
        >
          <g
            class="recharts-layer recharts-bar-rectangles"
          >
            <g
              class="recharts-layer recharts-bar-rectangle"
            >
              <path
                class="recharts-rectangle"
                d="M 144.5,439.25 h 516 v 64.5 h -516 Z"
                fill="#40a0a0"
                height="64.5"
                name="col_3"
                radius="0"
                width="516"
                x="144.5"
                y="439.25"
              />
            </g>
            <g
              class="recharts-layer recharts-bar-rectangle"
            >
              <path
                class="recharts-rectangle"
                d="M 789.5,310.24999999999994 h 516 v 193.50000000000006 h -516 Z"
                fill="#40a0a0"
                height="193.50000000000006"
                name="col_4"
                radius="0"
                width="516"
                x="789.5"
                y="310.24999999999994"
              />
            </g>
          </g>
          <g
            class="recharts-layer"
          >
            <g
              class="recharts-layer recharts-errorBars"
            >
              <g
                class="recharts-layer recharts-errorBar"
                stroke="#2a7070"
                stroke-width="2"
              >
                <line
                  x1="398.5"
                  x2="406.5"
                  y1="310.24999999999994"
                  y2="310.24999999999994"
                />
                <line
                  x1="402.5"
                  x2="402.5"
                  y1="568.25"
                  y2="310.24999999999994"
                />
                <line
                  x1="398.5"
                  x2="406.5"
                  y1="568.25"
                  y2="568.25"
                />
              </g>
              <g
                class="recharts-layer recharts-errorBar"
                stroke="#2a7070"
                stroke-width="2"
              >
                <line
                  x1="1043.5"
                  x2="1051.5"
                  y1="52.25000000000003"
                  y2="52.25000000000003"
                />
                <line
                  x1="1047.5"
                  x2="1047.5"
                  y1="568.25"
                  y2="52.25000000000003"
                />
                <line
                  x1="1043.5"
                  x2="1051.5"
                  y1="568.25"
                  y2="568.25"
                />
              </g>
            </g>
          </g>
        </g>
      </svg>
      <div
        class="recharts-tooltip-wrapper"
        style="visibility: hidden; pointer-events: none; position: absolute; top: 0px; left: 0px;"
        tabindex="-1"
      />
    </div>
  </div>
</div>
`;
