// Vitest Snapshot v1, https://vitest.dev/guide/snapshot.html

exports[`Application > shoud render chart 1`] = `
<div
  class="_chartContainer_4551aa"
  role="dialog"
>
  <div
    class="_container_ecf76d"
  >
    <div
      class="_titleContainer_ecf76d"
    >
      <h2
        class="_title_ecf76d"
      >
        Mean and Standard Deviation
      </h2>
      <button
        class="_btn_abafc2 _btn_secondary_abafc2 _btn_sm_abafc2 _pill_abafc2 _flat_abafc2"
        style="height: 25px; line-height: 25px; min-width: 25px; font-size: 0.8rem; border-radius: 50%; padding: 0px;"
        type="button"
      >
        X
      </button>
    </div>
    <div
      class="recharts-wrapper"
      style="position: relative; cursor: default; width: 700px; height: 500px;"
    >
      <svg
        class="recharts-surface"
        height="500"
        style="width: 100%; height: 100%;"
        viewBox="0 0 700 500"
        width="700"
      >
        <title />
        <desc />
        <defs>
          <clippath
            id="recharts1-clip"
          >
            <rect
              height="445"
              width="590"
              x="80"
              y="20"
            />
          </clippath>
        </defs>
        <g
          class="recharts-cartesian-grid"
        >
          <g
            class="recharts-cartesian-grid-horizontal"
          >
            <line
              fill="none"
              height="445"
              stroke="#ccc"
              stroke-dasharray="3 3"
              width="590"
              x="80"
              x1="80"
              x2="670"
              y="20"
              y1="465"
              y2="465"
            />
            <line
              fill="none"
              height="445"
              stroke="#ccc"
              stroke-dasharray="3 3"
              width="590"
              x="80"
              x1="80"
              x2="670"
              y="20"
              y1="353.75"
              y2="353.75"
            />
            <line
              fill="none"
              height="445"
              stroke="#ccc"
              stroke-dasharray="3 3"
              width="590"
              x="80"
              x1="80"
              x2="670"
              y="20"
              y1="242.5"
              y2="242.5"
            />
            <line
              fill="none"
              height="445"
              stroke="#ccc"
              stroke-dasharray="3 3"
              width="590"
              x="80"
              x1="80"
              x2="670"
              y="20"
              y1="131.25"
              y2="131.25"
            />
            <line
              fill="none"
              height="445"
              stroke="#ccc"
              stroke-dasharray="3 3"
              width="590"
              x="80"
              x1="80"
              x2="670"
              y="20"
              y1="20"
              y2="20"
            />
          </g>
          <g
            class="recharts-cartesian-grid-vertical"
          >
            <line
              fill="none"
              height="445"
              stroke="#ccc"
              stroke-dasharray="3 3"
              width="590"
              x="80"
              x1="227.5"
              x2="227.5"
              y="20"
              y1="20"
              y2="465"
            />
            <line
              fill="none"
              height="445"
              stroke="#ccc"
              stroke-dasharray="3 3"
              width="590"
              x="80"
              x1="522.5"
              x2="522.5"
              y="20"
              y1="20"
              y2="465"
            />
            <line
              fill="none"
              height="445"
              stroke="#ccc"
              stroke-dasharray="3 3"
              width="590"
              x="80"
              x1="80"
              x2="80"
              y="20"
              y1="20"
              y2="465"
            />
            <line
              fill="none"
              height="445"
              stroke="#ccc"
              stroke-dasharray="3 3"
              width="590"
              x="80"
              x1="670"
              x2="670"
              y="20"
              y1="20"
              y2="465"
            />
          </g>
        </g>
        <g
          class="recharts-layer recharts-cartesian-axis recharts-xAxis xAxis"
        >
          <line
            class="recharts-cartesian-axis-line"
            fill="none"
            height="30"
            orientation="bottom"
            stroke="#666"
            width="590"
            x="80"
            x1="80"
            x2="670"
            y="465"
            y1="465"
            y2="465"
          />
          <g
            class="recharts-cartesian-axis-ticks"
          >
            <g
              class="recharts-layer recharts-cartesian-axis-tick"
            >
              <line
                class="recharts-cartesian-axis-tick-line"
                fill="none"
                height="30"
                orientation="bottom"
                stroke="#666"
                width="590"
                x="80"
                x1="227.5"
                x2="227.5"
                y="465"
                y1="471"
                y2="465"
              />
              <text
                class="recharts-text recharts-cartesian-axis-tick-value"
                fill="#666"
                height="30"
                orientation="bottom"
                stroke="none"
                text-anchor="middle"
                width="590"
                x="227.5"
                y="473"
              >
                <tspan
                  dy="0.71em"
                  x="227.5"
                >
                  col_3
                </tspan>
              </text>
            </g>
            <g
              class="recharts-layer recharts-cartesian-axis-tick"
            >
              <line
                class="recharts-cartesian-axis-tick-line"
                fill="none"
                height="30"
                orientation="bottom"
                stroke="#666"
                width="590"
                x="80"
                x1="522.5"
                x2="522.5"
                y="465"
                y1="471"
                y2="465"
              />
              <text
                class="recharts-text recharts-cartesian-axis-tick-value"
                fill="#666"
                height="30"
                orientation="bottom"
                stroke="none"
                text-anchor="middle"
                width="590"
                x="522.5"
                y="473"
              >
                <tspan
                  dy="0.71em"
                  x="522.5"
                >
                  col_4
                </tspan>
              </text>
            </g>
          </g>
        </g>
        <g
          class="recharts-layer recharts-cartesian-axis recharts-yAxis yAxis"
        >
          <line
            class="recharts-cartesian-axis-line"
            fill="none"
            height="445"
            orientation="left"
            stroke="#666"
            width="60"
            x="20"
            x1="80"
            x2="80"
            y="20"
            y1="20"
            y2="465"
          />
          <g
            class="recharts-cartesian-axis-ticks"
          >
            <g
              class="recharts-layer recharts-cartesian-axis-tick"
            >
              <line
                class="recharts-cartesian-axis-tick-line"
                fill="none"
                height="445"
                orientation="left"
                stroke="#666"
                width="60"
                x="20"
                x1="74"
                x2="80"
                y="20"
                y1="465"
                y2="465"
              />
              <text
                class="recharts-text recharts-cartesian-axis-tick-value"
                fill="#666"
                height="445"
                orientation="left"
                stroke="none"
                text-anchor="end"
                width="60"
                x="72"
                y="465"
              >
                <tspan
                  dy="0.355em"
                  x="72"
                >
                  -250
                </tspan>
              </text>
            </g>
            <g
              class="recharts-layer recharts-cartesian-axis-tick"
            >
              <line
                class="recharts-cartesian-axis-tick-line"
                fill="none"
                height="445"
                orientation="left"
                stroke="#666"
                width="60"
                x="20"
                x1="74"
                x2="80"
                y="20"
                y1="353.75"
                y2="353.75"
              />
              <text
                class="recharts-text recharts-cartesian-axis-tick-value"
                fill="#666"
                height="445"
                orientation="left"
                stroke="none"
                text-anchor="end"
                width="60"
                x="72"
                y="353.75"
              >
                <tspan
                  dy="0.355em"
                  x="72"
                >
                  0
                </tspan>
              </text>
            </g>
            <g
              class="recharts-layer recharts-cartesian-axis-tick"
            >
              <line
                class="recharts-cartesian-axis-tick-line"
                fill="none"
                height="445"
                orientation="left"
                stroke="#666"
                width="60"
                x="20"
                x1="74"
                x2="80"
                y="20"
                y1="242.5"
                y2="242.5"
              />
              <text
                class="recharts-text recharts-cartesian-axis-tick-value"
                fill="#666"
                height="445"
                orientation="left"
                stroke="none"
                text-anchor="end"
                width="60"
                x="72"
                y="242.5"
              >
                <tspan
                  dy="0.355em"
                  x="72"
                >
                  250
                </tspan>
              </text>
            </g>
            <g
              class="recharts-layer recharts-cartesian-axis-tick"
            >
              <line
                class="recharts-cartesian-axis-tick-line"
                fill="none"
                height="445"
                orientation="left"
                stroke="#666"
                width="60"
                x="20"
                x1="74"
                x2="80"
                y="20"
                y1="131.25"
                y2="131.25"
              />
              <text
                class="recharts-text recharts-cartesian-axis-tick-value"
                fill="#666"
                height="445"
                orientation="left"
                stroke="none"
                text-anchor="end"
                width="60"
                x="72"
                y="131.25"
              >
                <tspan
                  dy="0.355em"
                  x="72"
                >
                  500
                </tspan>
              </text>
            </g>
            <g
              class="recharts-layer recharts-cartesian-axis-tick"
            >
              <line
                class="recharts-cartesian-axis-tick-line"
                fill="none"
                height="445"
                orientation="left"
                stroke="#666"
                width="60"
                x="20"
                x1="74"
                x2="80"
                y="20"
                y1="20"
                y2="20"
              />
              <text
                class="recharts-text recharts-cartesian-axis-tick-value"
                fill="#666"
                height="445"
                orientation="left"
                stroke="none"
                text-anchor="end"
                width="60"
                x="72"
                y="20"
              >
                <tspan
                  dy="0.355em"
                  x="72"
                >
                  750
                </tspan>
              </text>
            </g>
          </g>
        </g>
        <g
          class="recharts-layer recharts-bar"
        >
          <g
            class="recharts-layer recharts-bar-rectangles"
          >
            <g
              class="recharts-layer recharts-bar-rectangle"
            >
              <path
                class="recharts-rectangle"
                d="M 109.5,309.25 h 236 v 44.5 h -236 Z"
                fill="#40a0a0"
                height="44.5"
                name="col_3"
                radius="0"
                width="236"
                x="109.5"
                y="309.25"
              />
            </g>
            <g
              class="recharts-layer recharts-bar-rectangle"
            >
              <path
                class="recharts-rectangle"
                d="M 404.5,220.24999999999997 h 236 v 133.50000000000003 h -236 Z"
                fill="#40a0a0"
                height="133.50000000000003"
                name="col_4"
                radius="0"
                width="236"
                x="404.5"
                y="220.24999999999997"
              />
            </g>
          </g>
          <g
            class="recharts-layer"
          >
            <g
              class="recharts-layer recharts-errorBars"
            >
              <g
                class="recharts-layer recharts-errorBar"
                stroke="#2a7070"
                stroke-width="2"
              >
                <line
                  x1="223.5"
                  x2="231.5"
                  y1="220.24999999999997"
                  y2="220.24999999999997"
                />
                <line
                  x1="227.5"
                  x2="227.5"
                  y1="398.25"
                  y2="220.24999999999997"
                />
                <line
                  x1="223.5"
                  x2="231.5"
                  y1="398.25"
                  y2="398.25"
                />
              </g>
              <g
                class="recharts-layer recharts-errorBar"
                stroke="#2a7070"
                stroke-width="2"
              >
                <line
                  x1="518.5"
                  x2="526.5"
                  y1="42.25000000000002"
                  y2="42.25000000000002"
                />
                <line
                  x1="522.5"
                  x2="522.5"
                  y1="398.25"
                  y2="42.25000000000002"
                />
                <line
                  x1="518.5"
                  x2="526.5"
                  y1="398.25"
                  y2="398.25"
                />
              </g>
            </g>
          </g>
        </g>
      </svg>
      <div
        class="recharts-tooltip-wrapper"
        style="visibility: hidden; pointer-events: none; position: absolute; top: 0px; left: 0px;"
        tabindex="-1"
      />
    </div>
  </div>
</div>
`;
